// Jest Snapshot v1, https://goo.gl/fbAQLP

exports[`should correctly render login page 1`] = `
<div>
  <h1>
    web-annotation-tool
  </h1>
  <button
    onClick={[Function]}
  >
    Login with Google
  </button>
</div>
`;
